#
# A fatal error has been detected by the Java Runtime Environment:
#
#  EXCEPTION_ACCESS_VIOLATION (0xc0000005) at pc=0x000000005cfa633c, pid=18436, tid=0x0000000000004aa0
#
# JRE version: Java(TM) SE Runtime Environment (8.0_152-b16) (build 1.8.0_152-b16)
# Java VM: Java HotSpot(TM) 64-Bit Server VM (25.152-b16 mixed mode windows-amd64 compressed oops)
# Problematic frame:
# V  [jvm.dll+0xf633c]
#
# Failed to write core dump. Minidumps are not enabled by default on client versions of Windows
#
# If you would like to submit a bug report, please visit:
#   http://bugreport.java.com/bugreport/crash.jsp
#

---------------  T H R E A D  ---------------

Current thread (0x0000000020e52000):  JavaThread "processresult-latestItem-pool-1" [_thread_in_vm, id=19104, stack(0x00000000252f0000,0x00000000253f0000)]

siginfo: ExceptionCode=0xc0000005, reading address 0x0000000000000010

Registers:
RAX=0x0000000000000000, RBX=0x0000000023afcc70, RCX=0x00000000000000ff, RDX=0x0000000000000000
RSP=0x00000000253ee1f8, RBP=0x0000000000000000, RSI=0x0000000024f45f18, RDI=0x0000000024fe34e8
R8 =0x0000000000000000, R9 =0x0000000000000000, R10=0x00000000253ee3e0, R11=0x00000000253ee340
R12=0x0000000000000003, R13=0x0000000020e52000, R14=0x00000007c0510028, R15=0x0000000000003490
RIP=0x000000005cfa633c, EFLAGS=0x0000000000010202

Top of Stack: (sp=0x00000000253ee1f8)
0x00000000253ee1f8:   000000005cf7655e 0000000000000000
0x00000000253ee208:   0000000024f45f18 0000000024f45f18
0x00000000253ee218:   0000000023ac1d04 00000000253ee340
0x00000000253ee228:   000000000004acf5 00000000253ee300
0x00000000253ee238:   0000000000000000 0000000000000000
0x00000000253ee248:   0000000000000000 0000000000006b04
0x00000000253ee258:   0000000000003491 0000003c00000001
0x00000000253ee268:   0000000024f45f18 0000000020e52000
0x00000000253ee278:   0000000024fe0058 00000000253ee3e0
0x00000000253ee288:   0000000021103880 00000000253ee3e0
0x00000000253ee298:   0000000020e52000 0000000000000002
0x00000000253ee2a8:   00000000253ee3d0 0000000024f4c578
0x00000000253ee2b8:   00000000253ee3e0 0000000023ace180
0x00000000253ee2c8:   000000005cf76dd9 00000000253ee3e0
0x00000000253ee2d8:   0000000024fd66e0 00000000253ee300
0x00000000253ee2e8:   00000000253ee340 0000000021103870 

Instructions: (pc=0x000000005cfa633c)
0x000000005cfa631c:   5f c3 cc cc 48 63 c2 48 8b 44 c1 50 48 89 44 24
0x000000005cfa632c:   08 48 8b 44 24 08 0f b6 c8 f6 d1 f6 c1 01 74 05
0x000000005cfa633c:   48 8b 40 10 c3 48 83 e0 fe c3 cc cc cc cc cc cc
0x000000005cfa634c:   cc cc cc cc 48 89 54 24 10 49 63 c0 48 8b 44 c1 


Register to memory mapping:

RAX=0x0000000000000000 is an unknown value
RBX=0x0000000023afcc70 is an unknown value
RCX=0x00000000000000ff is an unknown value
RDX=0x0000000000000000 is an unknown value
RSP=0x00000000253ee1f8 is pointing into the stack for thread: 0x0000000020e52000
RBP=0x0000000000000000 is an unknown value
RSI=0x0000000024f45f18 is pointing into metadata
RDI=0x0000000024fe34e8 is pointing into metadata
R8 =0x0000000000000000 is an unknown value
R9 =0x0000000000000000 is an unknown value
R10=0x00000000253ee3e0 is pointing into the stack for thread: 0x0000000020e52000
R11=0x00000000253ee340 is pointing into the stack for thread: 0x0000000020e52000
R12=0x0000000000000003 is an unknown value
R13=0x0000000020e52000 is a thread
R14=0x00000007c0510028 is pointing into metadata
R15=0x0000000000003490 is an unknown value


Stack: [0x00000000252f0000,0x00000000253f0000],  sp=0x00000000253ee1f8,  free space=1016k
Native frames: (J=compiled Java code, j=interpreted, Vv=VM code, C=native code)

Java frames: (J=compiled Java code, j=interpreted, Vv=VM code)
J 3146  java.lang.Class.getDeclaredConstructors0(Z)[Ljava/lang/reflect/Constructor; (0 bytes) @ 0x0000000003b38efb [0x0000000003b38ec0+0x3b]
J 1152 C1 java.lang.Class.privateGetDeclaredConstructors(Z)[Ljava/lang/reflect/Constructor; (85 bytes) @ 0x00000000037556f4 [0x0000000003755560+0x194]
J 1163 C1 java.lang.Class.getConstructor0([Ljava/lang/Class;I)Ljava/lang/reflect/Constructor; (103 bytes) @ 0x0000000003758da4 [0x0000000003758d40+0x64]
J 1820 C1 java.lang.Class.getConstructor([Ljava/lang/Class;)Ljava/lang/reflect/Constructor; (16 bytes) @ 0x000000000389f86c [0x000000000389f800+0x6c]
j  com.alibaba.fastjson.serializer.ASMSerializerFactory.createJavaBeanSerializer(Lcom/alibaba/fastjson/serializer/SerializeBeanInfo;)Lcom/alibaba/fastjson/serializer/JavaBeanSerializer;+2399
j  com.alibaba.fastjson.serializer.SerializeConfig.createASMSerializer(Lcom/alibaba/fastjson/serializer/SerializeBeanInfo;)Lcom/alibaba/fastjson/serializer/JavaBeanSerializer;+5
j  com.alibaba.fastjson.serializer.SerializeConfig.createJavaBeanSerializer(Lcom/alibaba/fastjson/serializer/SerializeBeanInfo;)Lcom/alibaba/fastjson/serializer/ObjectSerializer;+597
j  com.alibaba.fastjson.serializer.SerializeConfig.createJavaBeanSerializer(Ljava/lang/Class;)Lcom/alibaba/fastjson/serializer/ObjectSerializer;+88
j  com.alibaba.fastjson.serializer.SerializeConfig.getObjectWriter(Ljava/lang/Class;Z)Lcom/alibaba/fastjson/serializer/ObjectSerializer;+2141
j  com.alibaba.fastjson.serializer.SerializeConfig.getObjectWriter(Ljava/lang/Class;)Lcom/alibaba/fastjson/serializer/ObjectSerializer;+3
j  com.alibaba.fastjson.serializer.JSONSerializer.getObjectWriter(Ljava/lang/Class;)Lcom/alibaba/fastjson/serializer/ObjectSerializer;+5
j  com.alibaba.fastjson.serializer.JSONSerializer.write(Ljava/lang/Object;)V+19
j  com.alibaba.fastjson.JSON.toJSONString(Ljava/lang/Object;Lcom/alibaba/fastjson/serializer/SerializeConfig;[Lcom/alibaba/fastjson/serializer/SerializeFilter;Ljava/lang/String;I[Lcom/alibaba/fastjson/serializer/SerializerFeature;)Ljava/lang/String;+97
j  com.alibaba.fastjson.JSON.toJSONString(Ljava/lang/Object;[Lcom/alibaba/fastjson/serializer/SerializeFilter;[Lcom/alibaba/fastjson/serializer/SerializerFeature;)Ljava/lang/String;+10
j  com.alibaba.fastjson.JSON.toJSONString(Ljava/lang/Object;)Ljava/lang/String;+8
j  com.br.marketing.service.Impl.RedisTestServiceImpl.speedFileTest(Lcom/br/marketing/speedconfig/MarketingCommonConfig;)V+20
j  com.br.marketing.speedconfig.SpeedConfig.reloadSpeedItem(Ljava/lang/String;Ljava/lang/String;Ljava/lang/String;Lorg/springframework/context/ApplicationContext;)V+236
j  com.br.speed.client.core.processor.impl.SpeedItemCoreProcessorImpl.reloadSpeedItem(Lcom/br/speed/client/longpolling/RequestParam;Ljava/util/List;)V+84
j  com.br.speed.client.core.processor.impl.core.SpeedItemLatestHandler$ProcessLatestItemResult.processSingleConfigResult(Ljava/util/List;Lcom/br/speed/client/longpolling/RequestParam;Lcom/br/speed/client/core/processor/impl/SpeedItemCoreProcessorImpl;)V+103
j  com.br.speed.client.core.processor.impl.core.SpeedItemLatestHandler$ProcessLatestItemResult.run()V+12
j  java.util.concurrent.ThreadPoolExecutor.runWorker(Ljava/util/concurrent/ThreadPoolExecutor$Worker;)V+95
j  java.util.concurrent.ThreadPoolExecutor$Worker.run()V+5
j  java.lang.Thread.run()V+11
v  ~StubRoutines::call_stub

---------------  P R O C E S S  ---------------

Java Threads: ( => current thread )
=>0x0000000020e52000 JavaThread "processresult-latestItem-pool-1" [_thread_in_vm, id=19104, stack(0x00000000252f0000,0x00000000253f0000)]
  0x0000000020e51000 JavaThread "longpolling-file-pool-1" [_thread_in_native, id=32, stack(0x00000000251f0000,0x00000000252f0000)]
  0x0000000020e4f800 JavaThread "processresult-file-pool-1" [_thread_blocked, id=14112, stack(0x00000000250f0000,0x00000000251f0000)]
  0x0000000023176800 JavaThread "AsyncAppender-Worker-ALARM_ERROR_ASYNC" daemon [_thread_blocked, id=7032, stack(0x00000000240f0000,0x00000000241f0000)]
  0x0000000023175800 JavaThread "logback-6" daemon [_thread_blocked, id=24504, stack(0x0000000022820000,0x0000000022920000)]
  0x0000000023174000 JavaThread "AsyncAppender-Worker-ASYNC" daemon [_thread_blocked, id=2092, stack(0x0000000022620000,0x0000000022720000)]
  0x0000000023173000 JavaThread "logback-5" daemon [_thread_blocked, id=20288, stack(0x0000000022320000,0x0000000022420000)]
  0x00000000210f5800 JavaThread "logback-4" daemon [_thread_blocked, id=22680, stack(0x0000000022020000,0x0000000022120000)]
  0x00000000210fa800 JavaThread "AsyncAppender-Worker-ALARM_ERROR_ASYNC" daemon [_thread_blocked, id=2744, stack(0x0000000022720000,0x0000000022820000)]
  0x00000000210f2000 JavaThread "AsyncAppender-Worker-ASYNC" daemon [_thread_blocked, id=21832, stack(0x0000000022520000,0x0000000022620000)]
  0x0000000021008000 JavaThread "RMI Scheduler(0)" daemon [_thread_blocked, id=22824, stack(0x0000000021f20000,0x0000000022020000)]
  0x0000000020fc5000 JavaThread "RMI TCP Connection(1)-172.0.3.165" daemon [_thread_in_native, id=22228, stack(0x0000000021c20000,0x0000000021d20000)]
  0x0000000020d6e800 JavaThread "RMI TCP Accept-0" daemon [_thread_in_native, id=18644, stack(0x000000001fce0000,0x000000001fde0000)]
  0x000000001ee89000 JavaThread "Service Thread" daemon [_thread_blocked, id=18152, stack(0x000000001fb70000,0x000000001fc70000)]
  0x000000001ee10800 JavaThread "C1 CompilerThread3" daemon [_thread_blocked, id=3004, stack(0x000000001fa70000,0x000000001fb70000)]
  0x000000001edf0000 JavaThread "C2 CompilerThread2" daemon [_thread_blocked, id=21752, stack(0x000000001f970000,0x000000001fa70000)]
  0x000000001edef000 JavaThread "C2 CompilerThread1" daemon [_thread_blocked, id=19692, stack(0x000000001f870000,0x000000001f970000)]
  0x000000001ede9800 JavaThread "C2 CompilerThread0" daemon [_thread_blocked, id=12376, stack(0x000000001f770000,0x000000001f870000)]
  0x000000001edbe800 JavaThread "JDWP Command Reader" daemon [_thread_in_native, id=9024, stack(0x000000001f670000,0x000000001f770000)]
  0x000000001edbb800 JavaThread "JDWP Event Helper Thread" daemon [_thread_blocked, id=12184, stack(0x000000001f570000,0x000000001f670000)]
  0x000000001edb8800 JavaThread "JDWP Transport Listener: dt_socket" daemon [_thread_blocked, id=13700, stack(0x000000001f470000,0x000000001f570000)]
  0x000000001eda1800 JavaThread "Attach Listener" daemon [_thread_blocked, id=13372, stack(0x000000001f370000,0x000000001f470000)]
  0x000000001ed4a800 JavaThread "Signal Dispatcher" daemon [_thread_blocked, id=23532, stack(0x000000001f270000,0x000000001f370000)]
  0x000000001ed20800 JavaThread "Finalizer" daemon [_thread_blocked, id=21376, stack(0x000000001f100000,0x000000001f200000)]
  0x000000001ce14800 JavaThread "Reference Handler" daemon [_thread_blocked, id=23380, stack(0x000000001ec00000,0x000000001ed00000)]
  0x0000000000bbe000 JavaThread "main" [_thread_blocked, id=15372, stack(0x00000000030a0000,0x00000000031a0000)]

Other Threads:
  0x000000001ce0c800 VMThread [stack: 0x000000001eb00000,0x000000001ec00000] [id=17288]
  0x0000000020d7f800 WatcherThread [stack: 0x0000000021620000,0x0000000021720000] [id=16468]

VM state:not at safepoint (normal execution)

VM Mutex/Monitor currently owned by a thread: None

Heap:
 PSYoungGen      total 410624K, used 98973K [0x000000076b780000, 0x0000000790d80000, 0x00000007c0000000)
  eden space 384512K, 25% used [0x000000076b780000,0x00000007718276a0,0x0000000782f00000)
  from space 26112K, 0% used [0x0000000782f00000,0x0000000782f00000,0x0000000784880000)
  to   space 25600K, 0% used [0x000000078f480000,0x000000078f480000,0x0000000790d80000)
 ParOldGen       total 189440K, used 56831K [0x00000006c2600000, 0x00000006cdf00000, 0x000000076b780000)
  object space 189440K, 29% used [0x00000006c2600000,0x00000006c5d7fd50,0x00000006cdf00000)
 Metaspace       used 40494K, capacity 41178K, committed 41344K, reserved 1085440K
  class space    used 5008K, capacity 5186K, committed 5248K, reserved 1048576K

Card table byte_map: [0x0000000012820000,0x0000000013010000] byte_map_base: 0x000000000f20d000

Marking Bits: (ParMarkBitMap*) 0x000000005d6d0860
 Begin Bits: [0x0000000013d60000, 0x0000000017cc8000)
 End Bits:   [0x0000000017cc8000, 0x000000001bc30000)

Polling page: 0x0000000002f10000

CodeCache: size=245760Kb used=8944Kb max_used=8944Kb free=236815Kb
 bounds [0x0000000003460000, 0x0000000003d20000, 0x0000000012460000]
 total_blobs=4504 nmethods=4021 adapters=403
 compilation: enabled

Compilation events (10 events):
Event: 12.199 Thread 0x000000001ee10800 4075       1       com.alibaba.fastjson.serializer.ASMSerializerFactory::_processKey (595 bytes)
Event: 12.200 Thread 0x000000001ee10800 nmethod 4075 0x0000000003d11910 code [0x0000000003d11dc0, 0x0000000003d13208]
Event: 12.200 Thread 0x000000001ee10800 4076       1       com.alibaba.fastjson.serializer.ASMSerializerFactory::_processValue (1080 bytes)
Event: 12.203 Thread 0x000000001ee10800 nmethod 4076 0x0000000003d14390 code [0x0000000003d14ba0, 0x0000000003d17578]
Event: 12.203 Thread 0x000000001ee10800 4077       1       com.alibaba.fastjson.serializer.ASMSerializerFactory::_string (441 bytes)
Event: 12.203 Thread 0x000000001ee10800 nmethod 4077 0x0000000003d1a110 code [0x0000000003d1a520, 0x0000000003d1b5b8]
Event: 12.205 Thread 0x000000001ee10800 4079       1       com.alibaba.fastjson.asm.FieldWriter::put (38 bytes)
Event: 12.205 Thread 0x000000001ee10800 nmethod 4079 0x0000000003d1c790 code [0x0000000003d1c920, 0x0000000003d1caf8]
Event: 12.205 Thread 0x000000001ee10800 4078       1       com.alibaba.fastjson.asm.FieldWriter::getSize (3 bytes)
Event: 12.205 Thread 0x000000001ee10800 nmethod 4078 0x0000000003d1cc90 code [0x0000000003d1cde0, 0x0000000003d1cef0]

GC Heap History (10 events):
Event: 8.678 GC heap before
{Heap before GC invocations=9 (full 1):
 PSYoungGen      total 187904K, used 187895K [0x000000076b780000, 0x000000077e600000, 0x00000007c0000000)
  eden space 177664K, 100% used [0x000000076b780000,0x0000000776500000,0x0000000776500000)
  from space 10240K, 99% used [0x0000000776500000,0x0000000776efdc08,0x0000000776f00000)
  to   space 11264K, 0% used [0x000000077db00000,0x000000077db00000,0x000000077e600000)
 ParOldGen       total 94720K, used 9305K [0x00000006c2600000, 0x00000006c8280000, 0x000000076b780000)
  object space 94720K, 9% used [0x00000006c2600000,0x00000006c2f16670,0x00000006c8280000)
 Metaspace       used 30492K, capacity 31014K, committed 31104K, reserved 1077248K
  class space    used 3792K, capacity 3930K, committed 3968K, reserved 1048576K
Event: 8.686 GC heap after
Heap after GC invocations=9 (full 1):
 PSYoungGen      total 295424K, used 11240K [0x000000076b780000, 0x000000077ed80000, 0x00000007c0000000)
  eden space 284160K, 0% used [0x000000076b780000,0x000000076b780000,0x000000077cd00000)
  from space 11264K, 99% used [0x000000077db00000,0x000000077e5fa090,0x000000077e600000)
  to   space 14336K, 0% used [0x000000077cd00000,0x000000077cd00000,0x000000077db00000)
 ParOldGen       total 94720K, used 12929K [0x00000006c2600000, 0x00000006c8280000, 0x000000076b780000)
  object space 94720K, 13% used [0x00000006c2600000,0x00000006c32a0698,0x00000006c8280000)
 Metaspace       used 30492K, capacity 31014K, committed 31104K, reserved 1077248K
  class space    used 3792K, capacity 3930K, committed 3968K, reserved 1048576K
}
Event: 10.026 GC heap before
{Heap before GC invocations=10 (full 1):
 PSYoungGen      total 295424K, used 295400K [0x000000076b780000, 0x000000077ed80000, 0x00000007c0000000)
  eden space 284160K, 100% used [0x000000076b780000,0x000000077cd00000,0x000000077cd00000)
  from space 11264K, 99% used [0x000000077db00000,0x000000077e5fa090,0x000000077e600000)
  to   space 14336K, 0% used [0x000000077cd00000,0x000000077cd00000,0x000000077db00000)
 ParOldGen       total 94720K, used 12929K [0x00000006c2600000, 0x00000006c8280000, 0x000000076b780000)
  object space 94720K, 13% used [0x00000006c2600000,0x00000006c32a0698,0x00000006c8280000)
 Metaspace       used 33849K, capacity 34422K, committed 34688K, reserved 1079296K
  class space    used 4241K, capacity 4354K, committed 4480K, reserved 1048576K
Event: 10.041 GC heap after
Heap after GC invocations=10 (full 1):
 PSYoungGen      total 298496K, used 14311K [0x000000076b780000, 0x0000000785b00000, 0x00000007c0000000)
  eden space 284160K, 0% used [0x000000076b780000,0x000000076b780000,0x000000077cd00000)
  from space 14336K, 99% used [0x000000077cd00000,0x000000077daf9f48,0x000000077db00000)
  to   space 18944K, 0% used [0x0000000784880000,0x0000000784880000,0x0000000785b00000)
 ParOldGen       total 94720K, used 20178K [0x00000006c2600000, 0x00000006c8280000, 0x000000076b780000)
  object space 94720K, 21% used [0x00000006c2600000,0x00000006c39b4848,0x00000006c8280000)
 Metaspace       used 33849K, capacity 34422K, committed 34688K, reserved 1079296K
  class space    used 4241K, capacity 4354K, committed 4480K, reserved 1048576K
}
Event: 10.416 GC heap before
{Heap before GC invocations=11 (full 1):
 PSYoungGen      total 298496K, used 298471K [0x000000076b780000, 0x0000000785b00000, 0x00000007c0000000)
  eden space 284160K, 100% used [0x000000076b780000,0x000000077cd00000,0x000000077cd00000)
  from space 14336K, 99% used [0x000000077cd00000,0x000000077daf9f48,0x000000077db00000)
  to   space 18944K, 0% used [0x0000000784880000,0x0000000784880000,0x0000000785b00000)
 ParOldGen       total 94720K, used 20178K [0x00000006c2600000, 0x00000006c8280000, 0x000000076b780000)
  object space 94720K, 21% used [0x00000006c2600000,0x00000006c39b4848,0x00000006c8280000)
 Metaspace       used 34108K, capacity 34662K, committed 34944K, reserved 1079296K
  class space    used 4277K, capacity 4390K, committed 4480K, reserved 1048576K
Event: 10.432 GC heap after
Heap after GC invocations=11 (full 1):
 PSYoungGen      total 403456K, used 18925K [0x000000076b780000, 0x0000000787c00000, 0x00000007c0000000)
  eden space 384512K, 0% used [0x000000076b780000,0x000000076b780000,0x0000000782f00000)
  from space 18944K, 99% used [0x0000000784880000,0x0000000785afb750,0x0000000785b00000)
  to   space 26112K, 0% used [0x0000000782f00000,0x0000000782f00000,0x0000000784880000)
 ParOldGen       total 94720K, used 32164K [0x00000006c2600000, 0x00000006c8280000, 0x000000076b780000)
  object space 94720K, 33% used [0x00000006c2600000,0x00000006c4569208,0x00000006c8280000)
 Metaspace       used 34108K, capacity 34662K, committed 34944K, reserved 1079296K
  class space    used 4277K, capacity 4390K, committed 4480K, reserved 1048576K
}
Event: 10.850 GC heap before
{Heap before GC invocations=12 (full 1):
 PSYoungGen      total 403456K, used 269836K [0x000000076b780000, 0x0000000787c00000, 0x00000007c0000000)
  eden space 384512K, 65% used [0x000000076b780000,0x000000077ac87a00,0x0000000782f00000)
  from space 18944K, 99% used [0x0000000784880000,0x0000000785afb750,0x0000000785b00000)
  to   space 26112K, 0% used [0x0000000782f00000,0x0000000782f00000,0x0000000784880000)
 ParOldGen       total 94720K, used 32164K [0x00000006c2600000, 0x00000006c8280000, 0x000000076b780000)
  object space 94720K, 33% used [0x00000006c2600000,0x00000006c4569208,0x00000006c8280000)
 Metaspace       used 34851K, capacity 35372K, committed 35456K, reserved 1081344K
  class space    used 4336K, capacity 4455K, committed 4480K, reserved 1048576K
Event: 10.862 GC heap after
Heap after GC invocations=12 (full 1):
 PSYoungGen      total 410624K, used 15431K [0x000000076b780000, 0x0000000790d80000, 0x00000007c0000000)
  eden space 384512K, 0% used [0x000000076b780000,0x000000076b780000,0x0000000782f00000)
  from space 26112K, 59% used [0x0000000782f00000,0x0000000783e11f18,0x0000000784880000)
  to   space 25600K, 0% used [0x000000078f480000,0x000000078f480000,0x0000000790d80000)
 ParOldGen       total 94720K, used 51032K [0x00000006c2600000, 0x00000006c8280000, 0x000000076b780000)
  object space 94720K, 53% used [0x00000006c2600000,0x00000006c57d6150,0x00000006c8280000)
 Metaspace       used 34851K, capacity 35372K, committed 35456K, reserved 1081344K
  class space    used 4336K, capacity 4455K, committed 4480K, reserved 1048576K
}
Event: 10.862 GC heap before
{Heap before GC invocations=13 (full 2):
 PSYoungGen      total 410624K, used 15431K [0x000000076b780000, 0x0000000790d80000, 0x00000007c0000000)
  eden space 384512K, 0% used [0x000000076b780000,0x000000076b780000,0x0000000782f00000)
  from space 26112K, 59% used [0x0000000782f00000,0x0000000783e11f18,0x0000000784880000)
  to   space 25600K, 0% used [0x000000078f480000,0x000000078f480000,0x0000000790d80000)
 ParOldGen       total 94720K, used 51032K [0x00000006c2600000, 0x00000006c8280000, 0x000000076b780000)
  object space 94720K, 53% used [0x00000006c2600000,0x00000006c57d6150,0x00000006c8280000)
 Metaspace       used 34851K, capacity 35372K, committed 35456K, reserved 1081344K
  class space    used 4336K, capacity 4455K, committed 4480K, reserved 1048576K
Event: 10.977 GC heap after
Heap after GC invocations=13 (full 2):
 PSYoungGen      total 410624K, used 0K [0x000000076b780000, 0x0000000790d80000, 0x00000007c0000000)
  eden space 384512K, 0% used [0x000000076b780000,0x000000076b780000,0x0000000782f00000)
  from space 26112K, 0% used [0x0000000782f00000,0x0000000782f00000,0x0000000784880000)
  to   space 25600K, 0% used [0x000000078f480000,0x000000078f480000,0x0000000790d80000)
 ParOldGen       total 189440K, used 56831K [0x00000006c2600000, 0x00000006cdf00000, 0x000000076b780000)
  object space 189440K, 29% used [0x00000006c2600000,0x00000006c5d7fd50,0x00000006cdf00000)
 Metaspace       used 34851K, capacity 35372K, committed 35456K, reserved 1081344K
  class space    used 4336K, capacity 4455K, committed 4480K, reserved 1048576K
}

Deoptimization events (0 events):
No events

Classes redefined (0 events):
No events

Internal exceptions (10 events):
Event: 12.180 Thread 0x0000000020e52000 Exception <a 'java/lang/ArrayIndexOutOfBoundsException'> (0x0000000770c4f7b8) thrown at [C:\re\workspace\8-2-build-windows-amd64-cygwin\jdk8u152\9742\hotspot\src\share\vm\runtime\sharedRuntime.cpp, line 605]
Event: 12.180 Thread 0x0000000020e52000 Exception <a 'java/lang/ArrayIndexOutOfBoundsException'> (0x0000000770c50ca8) thrown at [C:\re\workspace\8-2-build-windows-amd64-cygwin\jdk8u152\9742\hotspot\src\share\vm\runtime\sharedRuntime.cpp, line 605]
Event: 12.180 Thread 0x0000000020e52000 Exception <a 'java/lang/ArrayIndexOutOfBoundsException'> (0x0000000770c51e88) thrown at [C:\re\workspace\8-2-build-windows-amd64-cygwin\jdk8u152\9742\hotspot\src\share\vm\runtime\sharedRuntime.cpp, line 605]
Event: 12.180 Thread 0x0000000020e52000 Exception <a 'java/lang/ArrayIndexOutOfBoundsException'> (0x0000000770c52f90) thrown at [C:\re\workspace\8-2-build-windows-amd64-cygwin\jdk8u152\9742\hotspot\src\share\vm\runtime\sharedRuntime.cpp, line 605]
Event: 12.180 Thread 0x0000000020e52000 Exception <a 'java/lang/ArrayIndexOutOfBoundsException'> (0x0000000770c54178) thrown at [C:\re\workspace\8-2-build-windows-amd64-cygwin\jdk8u152\9742\hotspot\src\share\vm\runtime\sharedRuntime.cpp, line 605]
Event: 12.180 Thread 0x0000000020e52000 Exception <a 'java/lang/ArrayIndexOutOfBoundsException'> (0x0000000770c55658) thrown at [C:\re\workspace\8-2-build-windows-amd64-cygwin\jdk8u152\9742\hotspot\src\share\vm\runtime\sharedRuntime.cpp, line 605]
Event: 12.180 Thread 0x0000000020e52000 Exception <a 'java/lang/ArrayIndexOutOfBoundsException'> (0x0000000770c56858) thrown at [C:\re\workspace\8-2-build-windows-amd64-cygwin\jdk8u152\9742\hotspot\src\share\vm\runtime\sharedRuntime.cpp, line 605]
Event: 12.180 Thread 0x0000000020e52000 Exception <a 'java/lang/ArrayIndexOutOfBoundsException'> (0x0000000770c57ce8) thrown at [C:\re\workspace\8-2-build-windows-amd64-cygwin\jdk8u152\9742\hotspot\src\share\vm\runtime\sharedRuntime.cpp, line 605]
Event: 12.180 Thread 0x0000000020e52000 Exception <a 'java/lang/ArrayIndexOutOfBoundsException'> (0x0000000770c59550) thrown at [C:\re\workspace\8-2-build-windows-amd64-cygwin\jdk8u152\9742\hotspot\src\share\vm\runtime\sharedRuntime.cpp, line 605]
Event: 12.180 Thread 0x0000000020e52000 Exception <a 'java/lang/ArrayIndexOutOfBoundsException'> (0x0000000770c5b428) thrown at [C:\re\workspace\8-2-build-windows-amd64-cygwin\jdk8u152\9742\hotspot\src\share\vm\runtime\sharedRuntime.cpp, line 605]

Events (10 events):
Event: 12.180 Thread 0x0000000020e52000 DEOPT PACKING pc=0x000000000358e9f8 sp=0x00000000253ee560
Event: 12.180 Thread 0x0000000020e52000 DEOPT UNPACKING pc=0x00000000034a787f sp=0x00000000253ee280 mode 1
Event: 12.180 Thread 0x0000000020e52000 DEOPT PACKING pc=0x000000000358e9f8 sp=0x00000000253ee560
Event: 12.180 Thread 0x0000000020e52000 DEOPT UNPACKING pc=0x00000000034a787f sp=0x00000000253ee280 mode 1
Event: 12.180 Thread 0x0000000020e52000 DEOPT PACKING pc=0x000000000358e9f8 sp=0x00000000253ee560
Event: 12.180 Thread 0x0000000020e52000 DEOPT UNPACKING pc=0x00000000034a787f sp=0x00000000253ee280 mode 1
Event: 12.205 Executing VM operation: RevokeBias
Event: 12.205 Executing VM operation: RevokeBias done
Event: 12.206 Executing VM operation: RevokeBias
Event: 12.206 Executing VM operation: RevokeBias done


Dynamic libraries:
0x00007ff75b710000 - 0x00007ff75b747000 	D:\workapplication\jdk1.8.0_152\bin\java.exe
0x00007ffcd0a40000 - 0x00007ffcd0c30000 	C:\Windows\SYSTEM32\ntdll.dll
0x00007ffccfbc0000 - 0x00007ffccfc72000 	C:\Windows\System32\KERNEL32.DLL
0x00007ffcce4c0000 - 0x00007ffcce763000 	C:\Windows\System32\KERNELBASE.dll
0x00007ffccfa90000 - 0x00007ffccfb33000 	C:\Windows\System32\ADVAPI32.dll
0x00007ffcd0330000 - 0x00007ffcd03ce000 	C:\Windows\System32\msvcrt.dll
0x00007ffccf1d0000 - 0x00007ffccf267000 	C:\Windows\System32\sechost.dll
0x00007ffccfea0000 - 0x00007ffccffc0000 	C:\Windows\System32\RPCRT4.dll
0x00007ffccef60000 - 0x00007ffccf0f4000 	C:\Windows\System32\USER32.dll
0x00007ffcce7d0000 - 0x00007ffcce7f1000 	C:\Windows\System32\win32u.dll
0x00007ffcd0300000 - 0x00007ffcd0326000 	C:\Windows\System32\GDI32.dll
0x00007ffcce150000 - 0x00007ffcce2e4000 	C:\Windows\System32\gdi32full.dll
0x00007ffcce950000 - 0x00007ffcce9ee000 	C:\Windows\System32\msvcp_win.dll
0x00007ffcce2f0000 - 0x00007ffcce3ea000 	C:\Windows\System32\ucrtbase.dll
0x00007ffcb6db0000 - 0x00007ffcb7035000 	C:\Windows\WinSxS\amd64_microsoft.windows.common-controls_6595b64144ccf1df_6.0.18362.752_none_e6c0b5ed1312b70c\COMCTL32.dll
0x00007ffccffc0000 - 0x00007ffcd02f6000 	C:\Windows\System32\combase.dll
0x00007ffccea20000 - 0x00007ffcceaa0000 	C:\Windows\System32\bcryptPrimitives.dll
0x00007ffccfc80000 - 0x00007ffccfcae000 	C:\Windows\System32\IMM32.DLL
0x00007ffc94df0000 - 0x00007ffc94e94000 	C:\Program Files\McAfee\Endpoint Security\Threat Prevention\Ips\EpMPApi.dll
0x00007ffcce770000 - 0x00007ffcce7cc000 	C:\Windows\System32\WINTRUST.dll
0x00007ffccd960000 - 0x00007ffccd972000 	C:\Windows\System32\MSASN1.dll
0x00007ffcce800000 - 0x00007ffcce949000 	C:\Windows\System32\CRYPT32.dll
0x000000005db40000 - 0x000000005db4c000 	C:\Program Files\McAfee\Endpoint Security\Threat Prevention\Ips\EpMPThe.dll
0x00007ffc94d90000 - 0x00007ffc94deb000 	C:\Program Files\McAfee\Endpoint Security\Threat Prevention\Ips\HIPHandlers64.dll
0x00007ffccf2d0000 - 0x00007ffccf9b5000 	C:\Windows\System32\SHELL32.dll
0x00007ffcceaa0000 - 0x00007ffcceaea000 	C:\Windows\System32\cfgmgr32.dll
0x00007ffcd0780000 - 0x00007ffcd0829000 	C:\Windows\System32\shcore.dll
0x00007ffccd9d0000 - 0x00007ffcce150000 	C:\Windows\System32\windows.storage.dll
0x00007ffccd930000 - 0x00007ffccd953000 	C:\Windows\System32\profapi.dll
0x00007ffccd980000 - 0x00007ffccd9ca000 	C:\Windows\System32\powrprof.dll
0x00007ffccd900000 - 0x00007ffccd910000 	C:\Windows\System32\UMPDC.dll
0x00007ffcd0720000 - 0x00007ffcd0772000 	C:\Windows\System32\shlwapi.dll
0x00007ffccd910000 - 0x00007ffccd921000 	C:\Windows\System32\kernel.appcore.dll
0x00007ffcce3f0000 - 0x00007ffcce407000 	C:\Windows\System32\cryptsp.dll
0x00007ffccc310000 - 0x00007ffccc504000 	C:\Windows\SYSTEM32\dbghelp.dll
0x000000005d750000 - 0x000000005d822000 	D:\workapplication\jdk1.8.0_152\jre\bin\msvcr100.dll
0x000000005ceb0000 - 0x000000005d750000 	D:\workapplication\jdk1.8.0_152\jre\bin\server\jvm.dll
0x00007ffccfcb0000 - 0x00007ffccfcb8000 	C:\Windows\System32\PSAPI.DLL
0x00007ffcc0850000 - 0x00007ffcc0874000 	C:\Windows\SYSTEM32\WINMM.dll
0x00007ffcc2bd0000 - 0x00007ffcc2bda000 	C:\Windows\SYSTEM32\VERSION.dll
0x00007ffcadf80000 - 0x00007ffcadf89000 	C:\Windows\SYSTEM32\WSOCK32.dll
0x0000000003030000 - 0x000000000309f000 	C:\Windows\System32\WS2_32.dll
0x00007ffcc0820000 - 0x00007ffcc084d000 	C:\Windows\SYSTEM32\WINMMBASE.dll
0x000000005cea0000 - 0x000000005ceaf000 	D:\workapplication\jdk1.8.0_152\jre\bin\verify.dll
0x000000005ce70000 - 0x000000005ce99000 	D:\workapplication\jdk1.8.0_152\jre\bin\java.dll
0x000000005c030000 - 0x000000005c065000 	D:\workapplication\jdk1.8.0_152\jre\bin\jdwp.dll
0x000000005c020000 - 0x000000005c028000 	D:\workapplication\jdk1.8.0_152\jre\bin\npt.dll
0x000000005bff0000 - 0x000000005c013000 	D:\workapplication\jdk1.8.0_152\jre\bin\instrument.dll
0x000000005ce50000 - 0x000000005ce66000 	D:\workapplication\jdk1.8.0_152\jre\bin\zip.dll
0x000000005bfe0000 - 0x000000005bfe9000 	D:\workapplication\jdk1.8.0_152\jre\bin\dt_socket.dll
0x00007ffccd170000 - 0x00007ffccd1d7000 	C:\Windows\system32\mswsock.dll
0x000000005ce30000 - 0x000000005ce4a000 	D:\workapplication\jdk1.8.0_152\jre\bin\net.dll
0x00007ffca2f20000 - 0x00007ffca2f6b000 	C:\Program Files (x86)\Sangfor\SSL\ClientComponent2\SangforNspX64.dll
0x00007ffcd0830000 - 0x00007ffcd0987000 	C:\Windows\System32\ole32.dll
0x00007ffcd05f0000 - 0x00007ffcd06b4000 	C:\Windows\System32\OLEAUT32.dll
0x00007ffcccec0000 - 0x00007ffcccf8a000 	C:\Windows\SYSTEM32\DNSAPI.dll
0x00007ffccf100000 - 0x00007ffccf108000 	C:\Windows\System32\NSI.dll
0x00007ffccce80000 - 0x00007ffccceba000 	C:\Windows\SYSTEM32\IPHLPAPI.DLL
0x00007ffcc0d30000 - 0x00007ffcc0d3a000 	C:\Windows\System32\rasadhlp.dll
0x00007ffcc5960000 - 0x00007ffcc59d7000 	C:\Windows\System32\fwpuclnt.dll
0x00007ffcce9f0000 - 0x00007ffccea16000 	C:\Windows\System32\bcrypt.dll
0x000000005bfd0000 - 0x000000005bfdd000 	D:\workapplication\jdk1.8.0_152\jre\bin\management.dll
0x000000005ce10000 - 0x000000005ce21000 	D:\workapplication\jdk1.8.0_152\jre\bin\nio.dll
0x00007ffcccce0000 - 0x00007ffcccd13000 	C:\Windows\system32\rsaenh.dll
0x00007ffccd820000 - 0x00007ffccd845000 	C:\Windows\SYSTEM32\USERENV.dll
0x00007ffccd340000 - 0x00007ffccd34c000 	C:\Windows\SYSTEM32\CRYPTBASE.dll
0x00007ffcc44f0000 - 0x00007ffcc4506000 	C:\Windows\SYSTEM32\dhcpcsvc6.DLL
0x00007ffcc4470000 - 0x00007ffcc448c000 	C:\Windows\SYSTEM32\dhcpcsvc.DLL
0x00007ffca2f00000 - 0x00007ffca2f16000 	C:\Windows\system32\napinsp.dll
0x00007ffca2ee0000 - 0x00007ffca2efa000 	C:\Windows\system32\pnrpnsp.dll
0x00007ffca2ed0000 - 0x00007ffca2ede000 	C:\Windows\System32\winrnr.dll
0x00007ffcc6b90000 - 0x00007ffcc6bac000 	C:\Windows\system32\NLAapi.dll
0x00007ffcc4c80000 - 0x00007ffcc4c95000 	C:\Windows\system32\wshbth.dll
0x000000005bfa0000 - 0x000000005bfc4000 	D:\workapplication\jdk1.8.0_152\jre\bin\sunec.dll

VM Arguments:
jvm_args: -agentlib:jdwp=transport=dt_socket,address=127.0.0.1:62704,suspend=y,server=n -XX:TieredStopAtLevel=1 -Xverify:none -Dspring.output.ansi.enabled=always -Dcom.sun.management.jmxremote -Dspring.jmx.enabled=true -Dspring.liveBeansView.mbeanDomain -Dspring.application.admin.enabled=true -javaagent:C:\Users\juman.wang\AppData\Local\JetBrains\IntelliJIdea2023.1\captureAgent\debugger-agent.jar=file:/C:/Users/juman.wang/AppData/Local/Temp/capture.props -Dfile.encoding=UTF-8 
java_command: com.br.marketing.innerapi.MarketingInnerApiApplication
java_class_path (initial): D:\workapplication\jdk1.8.0_152\jre\lib\charsets.jar;D:\workapplication\jdk1.8.0_152\jre\lib\deploy.jar;D:\workapplication\jdk1.8.0_152\jre\lib\ext\access-bridge-64.jar;D:\workapplication\jdk1.8.0_152\jre\lib\ext\cldrdata.jar;D:\workapplication\jdk1.8.0_152\jre\lib\ext\dnsns.jar;D:\workapplication\jdk1.8.0_152\jre\lib\ext\jaccess.jar;D:\workapplication\jdk1.8.0_152\jre\lib\ext\jfxrt.jar;D:\workapplication\jdk1.8.0_152\jre\lib\ext\localedata.jar;D:\workapplication\jdk1.8.0_152\jre\lib\ext\nashorn.jar;D:\workapplication\jdk1.8.0_152\jre\lib\ext\sunec.jar;D:\workapplication\jdk1.8.0_152\jre\lib\ext\sunjce_provider.jar;D:\workapplication\jdk1.8.0_152\jre\lib\ext\sunmscapi.jar;D:\workapplication\jdk1.8.0_152\jre\lib\ext\sunpkcs11.jar;D:\workapplication\jdk1.8.0_152\jre\lib\ext\zipfs.jar;D:\workapplication\jdk1.8.0_152\jre\lib\javaws.jar;D:\workapplication\jdk1.8.0_152\jre\lib\jce.jar;D:\workapplication\jdk1.8.0_152\jre\lib\jfr.jar;D:\workapplication\jdk1.8.0_152\jre\lib\jfxswt.jar;D:\workapplication\jdk1.8.0_152\jre\lib\jsse.jar;D:\workapplication\jdk1.8.0_152\jre\lib\management-agent.jar;D:\workapplication\jdk1.8.0_152\jre\lib\plugin.jar;D:\workapplication\jdk1.8.0_152\jre\lib\resources.jar;D:\workapplication\jdk1.8.0_152\jre\lib\rt.jar;E:\code\work\marketing\marketing\marketing-inner-api\target\classes;D:\maven-repository\org\springframework\boot\spring-boot-starter-web\1.5.4.RELEASE\spring-boot-starter-web-1.5.4.RELEASE.jar;D:\maven-repository\org\springframework\boot\spring-boot-starter\1.5.4.RELEASE\spring-boot-starter-1.5.4.RELEASE.jar;D:\maven-repository\org\springframework\boot\spring-boot\1.5.4.RELEASE\spring-boot-1.5.4.RELEASE.jar;D:\maven-repository\org\springframework\boot\spring-boot-autoconfigure\1.5.4.RELEASE\spring-boot-autoconfigure-1.5.4.RELEASE.jar;D:\maven-repository\org\springframework\boot\spring-boot-starter-logging\1.5.4.RELEASE\spring-boot-starter-logging-1.5.4.RELEASE.jar;D:\maven-repository\org\slf4j\jul-to-slf4j\1.
Launcher Type: SUN_STANDARD

Environment Variables:
JAVA_HOME=D:\workapplication\jdk1.8.0_152
CLASSPATH=.;D:\workapplication\jdk1.8.0_152\lib\dt.jar;D:\workapplication\jdk1.8.0_152\lib\tool.jar;
PATH=C:\Windows\system32;C:\Windows;C:\Windows\System32\Wbem;C:\Windows\System32\WindowsPowerShell\v1.0\;C:\Windows\System32\OpenSSH\;C:\Program Files (x86)\Intel\Intel(R) Management Engine Components\DAL;C:\Program Files\Intel\Intel(R) Management Engine Components\DAL;D:\workapplication\jdk1.8.0_152\bin;D:\workapplication\jdk1.8.0_152\jre\bin;D:\workapplication\git\bin;D:\workapplication\git\cmd;D:\workapplication\maven\apache-maven-3.8.1\bin;D:\workapplication\gradle-7.5.1-bin\gradle-7.5.1\bin;D:\workapplication\Go\bin;D:\workapplication\mysql-8.2.0-winx64\bin;C:\Users\juman.wang\AppData\Local\Programs\Python\Python310\Scripts\;C:\Users\juman.wang\AppData\Local\Programs\Python\Python310\;C:\Users\juman.wang\AppData\Local\Microsoft\WindowsApps;D:\workapplication\FiddlerSetup5\Fiddler;D:\workapplication\Go\bin;;D:\workapplication\IntelliJ IDEA 2023.1.2\bin;
USERNAME=juman.wang
OS=Windows_NT
PROCESSOR_IDENTIFIER=Intel64 Family 6 Model 142 Stepping 12, GenuineIntel



---------------  S Y S T E M  ---------------

OS: Windows 10.0 , 64 bit Build 18362 (10.0.18362.752)

CPU:total 8 (initial active 8) (4 cores per cpu, 2 threads per core) family 6 model 142 stepping 12, cmov, cx8, fxsr, mmx, sse, sse2, sse3, ssse3, sse4.1, sse4.2, popcnt, avx, avx2, aes, clmul, erms, 3dnowpref, lzcnt, ht, tsc, tscinvbit, bmi1, bmi2, adx

Memory: 4k page, physical 16615888k(3282388k free), swap 28150224k(12530636k free)

vm_info: Java HotSpot(TM) 64-Bit Server VM (25.152-b16) for windows-amd64 JRE (1.8.0_152-b16), built on Sep 14 2017 02:29:36 by "java_re" with MS VC++ 10.0 (VS2010)

time: Wed Dec 13 19:29:40 2023
elapsed time: 12 seconds (0d 0h 0m 12s)

