2025-11-03 11:51:04.337 WARN  [7856] [pool-122-thread-1] [i.n.b.Bootstrap#?:?] - Unknown channel option 'TCP_KEEPCOUNT' for channel '[id: 0x3b1f503c]'
2025-11-03 11:51:04.341 WARN  [7856] [pool-122-thread-1] [i.n.b.Bootstrap#?:?] - Unknown channel option 'TCP_KEEPIDLE' for channel '[id: 0x3b1f503c]'
2025-11-03 11:51:04.341 WARN  [7856] [pool-122-thread-1] [i.n.b.Bootstrap#?:?] - Unknown channel option 'TCP_KEEPINTERVAL' for channel '[id: 0x3b1f503c]'
2025-11-03 11:51:04.456 WARN  [7856] [pool-122-thread-1] [i.n.b.Bootstrap#?:?] - Unknown channel option 'TCP_KEEPCOUNT' for channel '[id: 0x66b851f0]'
2025-11-03 11:51:04.456 WARN  [7856] [pool-122-thread-1] [i.n.b.Bootstrap#?:?] - Unknown channel option 'TCP_KEEPIDLE' for channel '[id: 0x66b851f0]'
2025-11-03 11:51:04.456 WARN  [7856] [pool-122-thread-1] [i.n.b.Bootstrap#?:?] - Unknown channel option 'TCP_KEEPINTERVAL' for channel '[id: 0x66b851f0]'
2025-11-03 11:51:04.608 WARN  [7856] [pool-122-thread-1] [i.n.b.Bootstrap#?:?] - Unknown channel option 'TCP_KEEPCOUNT' for channel '[id: 0xfca872fc]'
2025-11-03 11:51:04.608 WARN  [7856] [pool-122-thread-1] [i.n.b.Bootstrap#?:?] - Unknown channel option 'TCP_KEEPIDLE' for channel '[id: 0xfca872fc]'
2025-11-03 11:51:04.608 WARN  [7856] [pool-122-thread-1] [i.n.b.Bootstrap#?:?] - Unknown channel option 'TCP_KEEPINTERVAL' for channel '[id: 0xfca872fc]'
2025-11-03 13:51:14.786 WARN  [7856] [lettuce-eventExecutorLoop-4-2] [i.n.b.Bootstrap#?:?] - Unknown channel option 'TCP_KEEPCOUNT' for channel '[id: 0x32a0874c]'
2025-11-03 13:51:14.786 WARN  [7856] [lettuce-eventExecutorLoop-4-2] [i.n.b.Bootstrap#?:?] - Unknown channel option 'TCP_KEEPIDLE' for channel '[id: 0x32a0874c]'
2025-11-03 13:51:14.786 WARN  [7856] [lettuce-eventExecutorLoop-4-2] [i.n.b.Bootstrap#?:?] - Unknown channel option 'TCP_KEEPINTERVAL' for channel '[id: 0x32a0874c]'
2025-11-03 13:51:15.182 WARN  [7856] [lettuce-eventExecutorLoop-4-3] [i.n.b.Bootstrap#?:?] - Unknown channel option 'TCP_KEEPCOUNT' for channel '[id: 0x664d929e]'
2025-11-03 13:51:15.182 WARN  [7856] [lettuce-eventExecutorLoop-4-3] [i.n.b.Bootstrap#?:?] - Unknown channel option 'TCP_KEEPIDLE' for channel '[id: 0x664d929e]'
2025-11-03 13:51:15.182 WARN  [7856] [lettuce-eventExecutorLoop-4-3] [i.n.b.Bootstrap#?:?] - Unknown channel option 'TCP_KEEPINTERVAL' for channel '[id: 0x664d929e]'
2025-11-03 15:11:09.385 WARN  [38920] [pool-162-thread-1] [i.n.b.Bootstrap#?:?] - Unknown channel option 'TCP_KEEPCOUNT' for channel '[id: 0x26032524]'
2025-11-03 15:11:09.389 WARN  [38920] [pool-162-thread-1] [i.n.b.Bootstrap#?:?] - Unknown channel option 'TCP_KEEPIDLE' for channel '[id: 0x26032524]'
2025-11-03 15:11:09.389 WARN  [38920] [pool-162-thread-1] [i.n.b.Bootstrap#?:?] - Unknown channel option 'TCP_KEEPINTERVAL' for channel '[id: 0x26032524]'
2025-11-03 15:11:09.916 WARN  [38920] [pool-162-thread-1] [i.n.b.Bootstrap#?:?] - Unknown channel option 'TCP_KEEPCOUNT' for channel '[id: 0x9048e036]'
2025-11-03 15:11:09.917 WARN  [38920] [pool-162-thread-1] [i.n.b.Bootstrap#?:?] - Unknown channel option 'TCP_KEEPIDLE' for channel '[id: 0x9048e036]'
2025-11-03 15:11:09.917 WARN  [38920] [pool-162-thread-1] [i.n.b.Bootstrap#?:?] - Unknown channel option 'TCP_KEEPINTERVAL' for channel '[id: 0x9048e036]'
2025-11-03 15:11:10.354 WARN  [38920] [pool-162-thread-1] [i.n.b.Bootstrap#?:?] - Unknown channel option 'TCP_KEEPCOUNT' for channel '[id: 0x4c9a180d]'
2025-11-03 15:11:10.354 WARN  [38920] [pool-162-thread-1] [i.n.b.Bootstrap#?:?] - Unknown channel option 'TCP_KEEPIDLE' for channel '[id: 0x4c9a180d]'
2025-11-03 15:11:10.354 WARN  [38920] [pool-162-thread-1] [i.n.b.Bootstrap#?:?] - Unknown channel option 'TCP_KEEPINTERVAL' for channel '[id: 0x4c9a180d]'
2025-11-03 15:51:13.076 WARN  [37744] [pool-126-thread-1] [i.n.b.Bootstrap#?:?] - Unknown channel option 'TCP_KEEPCOUNT' for channel '[id: 0xcf25e4c7]'
2025-11-03 15:51:13.083 WARN  [37744] [pool-126-thread-1] [i.n.b.Bootstrap#?:?] - Unknown channel option 'TCP_KEEPIDLE' for channel '[id: 0xcf25e4c7]'
2025-11-03 15:51:13.083 WARN  [37744] [pool-126-thread-1] [i.n.b.Bootstrap#?:?] - Unknown channel option 'TCP_KEEPINTERVAL' for channel '[id: 0xcf25e4c7]'
2025-11-03 15:51:13.170 WARN  [37744] [pool-126-thread-1] [i.n.b.Bootstrap#?:?] - Unknown channel option 'TCP_KEEPCOUNT' for channel '[id: 0x00686746]'
2025-11-03 15:51:13.170 WARN  [37744] [pool-126-thread-1] [i.n.b.Bootstrap#?:?] - Unknown channel option 'TCP_KEEPIDLE' for channel '[id: 0x00686746]'
2025-11-03 15:51:13.170 WARN  [37744] [pool-126-thread-1] [i.n.b.Bootstrap#?:?] - Unknown channel option 'TCP_KEEPINTERVAL' for channel '[id: 0x00686746]'
2025-11-03 15:51:13.251 WARN  [37744] [pool-126-thread-1] [i.n.b.Bootstrap#?:?] - Unknown channel option 'TCP_KEEPCOUNT' for channel '[id: 0x3cb61a62]'
2025-11-03 15:51:13.251 WARN  [37744] [pool-126-thread-1] [i.n.b.Bootstrap#?:?] - Unknown channel option 'TCP_KEEPIDLE' for channel '[id: 0x3cb61a62]'
2025-11-03 15:51:13.251 WARN  [37744] [pool-126-thread-1] [i.n.b.Bootstrap#?:?] - Unknown channel option 'TCP_KEEPINTERVAL' for channel '[id: 0x3cb61a62]'
